<?xml version="1.0" encoding="UTF-8"?>
<testsuites name="jest tests" tests="2" failures="0" errors="0" time="2.326">
  <testsuite name="Jenkins Hello World App" errors="0" failures="0" skipped="0" timestamp="2025-12-17T04:28:41" time="2.172" tests="2">
    <testcase classname="Jenkins Hello World App Unit Test: Hàm hello phải trả về &quot;Hello Jenkins&quot;" name="Jenkins Hello World App Unit Test: Hàm hello phải trả về &quot;Hello Jenkins&quot;" time="0.007">
    </testcase>
    <testcase classname="Jenkins Hello World App Integration Test: GET / phải trả về status 200" name="Jenkins Hello World App Integration Test: GET / phải trả về status 200" time="0.062">
    </testcase>
  </testsuite>
</testsuites>